
> react-kavia@0.1.0 start
> react-scripts start

(node:4022) [DEP_WEBPACK_DEV_SERVER_ON_AFTER_SETUP_MIDDLEWARE] DeprecationWarning: 'onAfterSetupMiddleware' option is deprecated. Please use the 'setupMiddlewares' option.
(Use `node --trace-deprecation ...` to show where the warning was created)
(node:4022) [DEP_WEBPACK_DEV_SERVER_ON_BEFORE_SETUP_MIDDLEWARE] DeprecationWarning: 'onBeforeSetupMiddleware' option is deprecated. Please use the 'setupMiddlewares' option.
Starting the development server...

Compiled successfully!

You can now view react-kavia in the browser.

  Local:            http://localhost:3000
  On Your Network:  http://172.17.0.2:3000

Note that the development build is not optimized.
To create a production build, use npm run build.

webpack compiled successfully
Compiling...
Failed to compile.

Module not found: Error: Can't resolve 'react-router-dom' in '/home/kavia/workspace/code-generation/kollywood-quizmaster-36980-98cb7221/kollywood_quizmaster_frontend/src'
WARNING in [eslint] 
src/App.js
  Line 1:27:  'useEffect' is defined but never used  no-unused-vars
  Line 8:3:   'Link' is defined but never used       no-unused-vars

ERROR in ./src/App.js 9:0-103
Module not found: Error: Can't resolve 'react-router-dom' in '/home/kavia/workspace/code-generation/kollywood-quizmaster-36980-98cb7221/kollywood_quizmaster_frontend/src'

ERROR in ./src/App.js 14:0-47
Module not found: Error: Can't resolve './components/LoginPage' in '/home/kavia/workspace/code-generation/kollywood-quizmaster-36980-98cb7221/kollywood_quizmaster_frontend/src'

ERROR in ./src/App.js 15:0-47
Module not found: Error: Can't resolve './components/Dashboard' in '/home/kavia/workspace/code-generation/kollywood-quizmaster-36980-98cb7221/kollywood_quizmaster_frontend/src'

ERROR in ./src/App.js 16:0-63
Module not found: Error: Can't resolve './components/BlurredPosterQuiz' in '/home/kavia/workspace/code-generation/kollywood-quizmaster-36980-98cb7221/kollywood_quizmaster_frontend/src'

ERROR in ./src/App.js 17:0-67
Module not found: Error: Can't resolve './components/CharacterMovieMatch' in '/home/kavia/workspace/code-generation/kollywood-quizmaster-36980-98cb7221/kollywood_quizmaster_frontend/src'

ERROR in ./src/App.js 18:0-49
Module not found: Error: Can't resolve './components/MovieBingo' in '/home/kavia/workspace/code-generation/kollywood-quizmaster-36980-98cb7221/kollywood_quizmaster_frontend/src'

ERROR in ./src/App.js 19:0-55
Module not found: Error: Can't resolve './components/MovieTimeline' in '/home/kavia/workspace/code-generation/kollywood-quizmaster-36980-98cb7221/kollywood_quizmaster_frontend/src'

ERROR in ./src/App.js 20:0-53
Module not found: Error: Can't resolve './components/SpinTheWheel' in '/home/kavia/workspace/code-generation/kollywood-quizmaster-36980-98cb7221/kollywood_quizmaster_frontend/src'

ERROR in ./src/App.js 21:0-47
Module not found: Error: Can't resolve './components/CastCombo' in '/home/kavia/workspace/code-generation/kollywood-quizmaster-36980-98cb7221/kollywood_quizmaster_frontend/src'

ERROR in ./src/App.js 22:0-49
Module not found: Error: Can't resolve './components/QuizResult' in '/home/kavia/workspace/code-generation/kollywood-quizmaster-36980-98cb7221/kollywood_quizmaster_frontend/src'

webpack compiled with 10 errors and 1 warning
Compiling...
Failed to compile.

Module not found: Error: Can't resolve 'react-router-dom' in '/home/kavia/workspace/code-generation/kollywood-quizmaster-36980-98cb7221/kollywood_quizmaster_frontend/src'
WARNING in [eslint] 
src/App.js
  Line 1:27:  'useEffect' is defined but never used  no-unused-vars
  Line 8:3:   'Link' is defined but never used       no-unused-vars

ERROR in ./src/App.js 9:0-103
Module not found: Error: Can't resolve 'react-router-dom' in '/home/kavia/workspace/code-generation/kollywood-quizmaster-36980-98cb7221/kollywood_quizmaster_frontend/src'

ERROR in ./src/App.js 15:0-47
Module not found: Error: Can't resolve './components/Dashboard' in '/home/kavia/workspace/code-generation/kollywood-quizmaster-36980-98cb7221/kollywood_quizmaster_frontend/src'

ERROR in ./src/App.js 16:0-63
Module not found: Error: Can't resolve './components/BlurredPosterQuiz' in '/home/kavia/workspace/code-generation/kollywood-quizmaster-36980-98cb7221/kollywood_quizmaster_frontend/src'

ERROR in ./src/App.js 17:0-67
Module not found: Error: Can't resolve './components/CharacterMovieMatch' in '/home/kavia/workspace/code-generation/kollywood-quizmaster-36980-98cb7221/kollywood_quizmaster_frontend/src'

ERROR in ./src/App.js 18:0-49
Module not found: Error: Can't resolve './components/MovieBingo' in '/home/kavia/workspace/code-generation/kollywood-quizmaster-36980-98cb7221/kollywood_quizmaster_frontend/src'

ERROR in ./src/App.js 19:0-55
Module not found: Error: Can't resolve './components/MovieTimeline' in '/home/kavia/workspace/code-generation/kollywood-quizmaster-36980-98cb7221/kollywood_quizmaster_frontend/src'

ERROR in ./src/App.js 20:0-53
Module not found: Error: Can't resolve './components/SpinTheWheel' in '/home/kavia/workspace/code-generation/kollywood-quizmaster-36980-98cb7221/kollywood_quizmaster_frontend/src'

ERROR in ./src/App.js 21:0-47
Module not found: Error: Can't resolve './components/CastCombo' in '/home/kavia/workspace/code-generation/kollywood-quizmaster-36980-98cb7221/kollywood_quizmaster_frontend/src'

ERROR in ./src/App.js 22:0-49
Module not found: Error: Can't resolve './components/QuizResult' in '/home/kavia/workspace/code-generation/kollywood-quizmaster-36980-98cb7221/kollywood_quizmaster_frontend/src'

ERROR in ./src/components/LoginPage.js 6:0-47
Module not found: Error: Can't resolve 'react-router-dom' in '/home/kavia/workspace/code-generation/kollywood-quizmaster-36980-98cb7221/kollywood_quizmaster_frontend/src/components'

ERROR in ./src/components/LoginPage.js 20:6-13
export 'useAuth' (imported as 'useAuth') was not found in '../App' (possible exports: AuthContext, default)

ERROR in ./src/components/LoginPage.js 116:10-17
export 'useAuth' (imported as 'useAuth') was not found in '../App' (possible exports: AuthContext, default)

webpack compiled with 12 errors and 1 warning
Compiling...
Failed to compile.

Module not found: Error: Can't resolve 'react-router-dom' in '/home/kavia/workspace/code-generation/kollywood-quizmaster-36980-98cb7221/kollywood_quizmaster_frontend/src'
WARNING in [eslint] 
src/App.js
  Line 1:27:  'useEffect' is defined but never used  no-unused-vars
  Line 8:3:   'Link' is defined but never used       no-unused-vars

ERROR in ./src/App.js 9:0-103
Module not found: Error: Can't resolve 'react-router-dom' in '/home/kavia/workspace/code-generation/kollywood-quizmaster-36980-98cb7221/kollywood_quizmaster_frontend/src'

ERROR in ./src/App.js 16:0-63
Module not found: Error: Can't resolve './components/BlurredPosterQuiz' in '/home/kavia/workspace/code-generation/kollywood-quizmaster-36980-98cb7221/kollywood_quizmaster_frontend/src'

ERROR in ./src/App.js 17:0-67
Module not found: Error: Can't resolve './components/CharacterMovieMatch' in '/home/kavia/workspace/code-generation/kollywood-quizmaster-36980-98cb7221/kollywood_quizmaster_frontend/src'

ERROR in ./src/App.js 18:0-49
Module not found: Error: Can't resolve './components/MovieBingo' in '/home/kavia/workspace/code-generation/kollywood-quizmaster-36980-98cb7221/kollywood_quizmaster_frontend/src'

ERROR in ./src/App.js 19:0-55
Module not found: Error: Can't resolve './components/MovieTimeline' in '/home/kavia/workspace/code-generation/kollywood-quizmaster-36980-98cb7221/kollywood_quizmaster_frontend/src'

ERROR in ./src/App.js 20:0-53
Module not found: Error: Can't resolve './components/SpinTheWheel' in '/home/kavia/workspace/code-generation/kollywood-quizmaster-36980-98cb7221/kollywood_quizmaster_frontend/src'

ERROR in ./src/App.js 21:0-47
Module not found: Error: Can't resolve './components/CastCombo' in '/home/kavia/workspace/code-generation/kollywood-quizmaster-36980-98cb7221/kollywood_quizmaster_frontend/src'

ERROR in ./src/App.js 22:0-49
Module not found: Error: Can't resolve './components/QuizResult' in '/home/kavia/workspace/code-generation/kollywood-quizmaster-36980-98cb7221/kollywood_quizmaster_frontend/src'

ERROR in ./src/components/Dashboard.js 5:0-40
Module not found: Error: Can't resolve 'react-router-dom' in '/home/kavia/workspace/code-generation/kollywood-quizmaster-36980-98cb7221/kollywood_quizmaster_frontend/src/components'

ERROR in ./src/components/LoginPage.js 6:0-47
Module not found: Error: Can't resolve 'react-router-dom' in '/home/kavia/workspace/code-generation/kollywood-quizmaster-36980-98cb7221/kollywood_quizmaster_frontend/src/components'

ERROR in ./src/components/LoginPage.js 20:6-13
export 'useAuth' (imported as 'useAuth') was not found in '../App' (possible exports: AuthContext, default)

ERROR in ./src/components/LoginPage.js 116:10-17
export 'useAuth' (imported as 'useAuth') was not found in '../App' (possible exports: AuthContext, default)

webpack compiled with 12 errors and 1 warning
Compiling...
Failed to compile.

Module not found: Error: Can't resolve 'react-router-dom' in '/home/kavia/workspace/code-generation/kollywood-quizmaster-36980-98cb7221/kollywood_quizmaster_frontend/src'
WARNING in [eslint] 
src/App.js
  Line 1:27:  'useEffect' is defined but never used  no-unused-vars
  Line 8:3:   'Link' is defined but never used       no-unused-vars

src/components/BlurredPosterQuiz.js
  Line 2:28:   'fetchMovieImages' is defined but never used      no-unused-vars
  Line 14:10:  'clues' is assigned a value but never used        no-unused-vars
  Line 21:10:  'answerShown' is assigned a value but never used  no-unused-vars

ERROR in ./src/App.js 9:0-103
Module not found: Error: Can't resolve 'react-router-dom' in '/home/kavia/workspace/code-generation/kollywood-quizmaster-36980-98cb7221/kollywood_quizmaster_frontend/src'

ERROR in ./src/App.js 17:0-67
Module not found: Error: Can't resolve './components/CharacterMovieMatch' in '/home/kavia/workspace/code-generation/kollywood-quizmaster-36980-98cb7221/kollywood_quizmaster_frontend/src'

ERROR in ./src/App.js 18:0-49
Module not found: Error: Can't resolve './components/MovieBingo' in '/home/kavia/workspace/code-generation/kollywood-quizmaster-36980-98cb7221/kollywood_quizmaster_frontend/src'

ERROR in ./src/App.js 19:0-55
Module not found: Error: Can't resolve './components/MovieTimeline' in '/home/kavia/workspace/code-generation/kollywood-quizmaster-36980-98cb7221/kollywood_quizmaster_frontend/src'

ERROR in ./src/App.js 20:0-53
Module not found: Error: Can't resolve './components/SpinTheWheel' in '/home/kavia/workspace/code-generation/kollywood-quizmaster-36980-98cb7221/kollywood_quizmaster_frontend/src'

ERROR in ./src/App.js 21:0-47
Module not found: Error: Can't resolve './components/CastCombo' in '/home/kavia/workspace/code-generation/kollywood-quizmaster-36980-98cb7221/kollywood_quizmaster_frontend/src'

ERROR in ./src/App.js 22:0-49
Module not found: Error: Can't resolve './components/QuizResult' in '/home/kavia/workspace/code-generation/kollywood-quizmaster-36980-98cb7221/kollywood_quizmaster_frontend/src'

ERROR in ./src/components/BlurredPosterQuiz.js 7:0-47
Module not found: Error: Can't resolve 'react-router-dom' in '/home/kavia/workspace/code-generation/kollywood-quizmaster-36980-98cb7221/kollywood_quizmaster_frontend/src/components'

ERROR in ./src/components/Dashboard.js 5:0-40
Module not found: Error: Can't resolve 'react-router-dom' in '/home/kavia/workspace/code-generation/kollywood-quizmaster-36980-98cb7221/kollywood_quizmaster_frontend/src/components'

ERROR in ./src/components/LoginPage.js 6:0-47
Module not found: Error: Can't resolve 'react-router-dom' in '/home/kavia/workspace/code-generation/kollywood-quizmaster-36980-98cb7221/kollywood_quizmaster_frontend/src/components'

ERROR in ./src/components/LoginPage.js 20:6-13
export 'useAuth' (imported as 'useAuth') was not found in '../App' (possible exports: AuthContext, default)

ERROR in ./src/components/LoginPage.js 116:10-17
export 'useAuth' (imported as 'useAuth') was not found in '../App' (possible exports: AuthContext, default)

webpack compiled with 12 errors and 1 warning
Compiling...
Failed to compile.

Module not found: Error: Can't resolve 'react-router-dom' in '/home/kavia/workspace/code-generation/kollywood-quizmaster-36980-98cb7221/kollywood_quizmaster_frontend/src'
WARNING in [eslint] 
src/App.js
  Line 1:27:  'useEffect' is defined but never used  no-unused-vars
  Line 8:3:   'Link' is defined but never used       no-unused-vars

src/components/BlurredPosterQuiz.js
  Line 2:28:   'fetchMovieImages' is defined but never used      no-unused-vars
  Line 14:10:  'clues' is assigned a value but never used        no-unused-vars
  Line 21:10:  'answerShown' is assigned a value but never used  no-unused-vars

ERROR in ./src/App.js 9:0-103
Module not found: Error: Can't resolve 'react-router-dom' in '/home/kavia/workspace/code-generation/kollywood-quizmaster-36980-98cb7221/kollywood_quizmaster_frontend/src'

ERROR in ./src/App.js 18:0-49
Module not found: Error: Can't resolve './components/MovieBingo' in '/home/kavia/workspace/code-generation/kollywood-quizmaster-36980-98cb7221/kollywood_quizmaster_frontend/src'

ERROR in ./src/App.js 19:0-55
Module not found: Error: Can't resolve './components/MovieTimeline' in '/home/kavia/workspace/code-generation/kollywood-quizmaster-36980-98cb7221/kollywood_quizmaster_frontend/src'

ERROR in ./src/App.js 20:0-53
Module not found: Error: Can't resolve './components/SpinTheWheel' in '/home/kavia/workspace/code-generation/kollywood-quizmaster-36980-98cb7221/kollywood_quizmaster_frontend/src'

ERROR in ./src/App.js 21:0-47
Module not found: Error: Can't resolve './components/CastCombo' in '/home/kavia/workspace/code-generation/kollywood-quizmaster-36980-98cb7221/kollywood_quizmaster_frontend/src'

ERROR in ./src/App.js 22:0-49
Module not found: Error: Can't resolve './components/QuizResult' in '/home/kavia/workspace/code-generation/kollywood-quizmaster-36980-98cb7221/kollywood_quizmaster_frontend/src'

ERROR in ./src/components/BlurredPosterQuiz.js 7:0-47
Module not found: Error: Can't resolve 'react-router-dom' in '/home/kavia/workspace/code-generation/kollywood-quizmaster-36980-98cb7221/kollywood_quizmaster_frontend/src/components'

ERROR in ./src/components/CharacterMovieMatch.js 7:0-47
Module not found: Error: Can't resolve 'react-router-dom' in '/home/kavia/workspace/code-generation/kollywood-quizmaster-36980-98cb7221/kollywood_quizmaster_frontend/src/components'

ERROR in ./src/components/Dashboard.js 5:0-40
Module not found: Error: Can't resolve 'react-router-dom' in '/home/kavia/workspace/code-generation/kollywood-quizmaster-36980-98cb7221/kollywood_quizmaster_frontend/src/components'

ERROR in ./src/components/LoginPage.js 6:0-47
Module not found: Error: Can't resolve 'react-router-dom' in '/home/kavia/workspace/code-generation/kollywood-quizmaster-36980-98cb7221/kollywood_quizmaster_frontend/src/components'

ERROR in ./src/components/LoginPage.js 20:6-13
export 'useAuth' (imported as 'useAuth') was not found in '../App' (possible exports: AuthContext, default)

ERROR in ./src/components/LoginPage.js 116:10-17
export 'useAuth' (imported as 'useAuth') was not found in '../App' (possible exports: AuthContext, default)

webpack compiled with 12 errors and 1 warning
Compiling...
Failed to compile.

Module not found: Error: Can't resolve 'react-router-dom' in '/home/kavia/workspace/code-generation/kollywood-quizmaster-36980-98cb7221/kollywood_quizmaster_frontend/src'
WARNING in [eslint] 
src/App.js
  Line 1:27:  'useEffect' is defined but never used  no-unused-vars
  Line 8:3:   'Link' is defined but never used       no-unused-vars

src/components/BlurredPosterQuiz.js
  Line 2:28:   'fetchMovieImages' is defined but never used      no-unused-vars
  Line 14:10:  'clues' is assigned a value but never used        no-unused-vars
  Line 21:10:  'answerShown' is assigned a value but never used  no-unused-vars

src/components/MovieBingo.js
  Line 2:28:  'fetchMovieDetails' is defined but never used  no-unused-vars

ERROR in ./src/App.js 9:0-103
Module not found: Error: Can't resolve 'react-router-dom' in '/home/kavia/workspace/code-generation/kollywood-quizmaster-36980-98cb7221/kollywood_quizmaster_frontend/src'

ERROR in ./src/App.js 19:0-55
Module not found: Error: Can't resolve './components/MovieTimeline' in '/home/kavia/workspace/code-generation/kollywood-quizmaster-36980-98cb7221/kollywood_quizmaster_frontend/src'

ERROR in ./src/App.js 20:0-53
Module not found: Error: Can't resolve './components/SpinTheWheel' in '/home/kavia/workspace/code-generation/kollywood-quizmaster-36980-98cb7221/kollywood_quizmaster_frontend/src'

ERROR in ./src/App.js 21:0-47
Module not found: Error: Can't resolve './components/CastCombo' in '/home/kavia/workspace/code-generation/kollywood-quizmaster-36980-98cb7221/kollywood_quizmaster_frontend/src'

ERROR in ./src/App.js 22:0-49
Module not found: Error: Can't resolve './components/QuizResult' in '/home/kavia/workspace/code-generation/kollywood-quizmaster-36980-98cb7221/kollywood_quizmaster_frontend/src'

ERROR in ./src/components/BlurredPosterQuiz.js 7:0-47
Module not found: Error: Can't resolve 'react-router-dom' in '/home/kavia/workspace/code-generation/kollywood-quizmaster-36980-98cb7221/kollywood_quizmaster_frontend/src/components'

ERROR in ./src/components/CharacterMovieMatch.js 7:0-47
Module not found: Error: Can't resolve 'react-router-dom' in '/home/kavia/workspace/code-generation/kollywood-quizmaster-36980-98cb7221/kollywood_quizmaster_frontend/src/components'

ERROR in ./src/components/Dashboard.js 5:0-40
Module not found: Error: Can't resolve 'react-router-dom' in '/home/kavia/workspace/code-generation/kollywood-quizmaster-36980-98cb7221/kollywood_quizmaster_frontend/src/components'

ERROR in ./src/components/LoginPage.js 6:0-47
Module not found: Error: Can't resolve 'react-router-dom' in '/home/kavia/workspace/code-generation/kollywood-quizmaster-36980-98cb7221/kollywood_quizmaster_frontend/src/components'

ERROR in ./src/components/LoginPage.js 20:6-13
export 'useAuth' (imported as 'useAuth') was not found in '../App' (possible exports: AuthContext, default)

ERROR in ./src/components/LoginPage.js 116:10-17
export 'useAuth' (imported as 'useAuth') was not found in '../App' (possible exports: AuthContext, default)

ERROR in ./src/components/MovieBingo.js 7:0-47
Module not found: Error: Can't resolve 'react-router-dom' in '/home/kavia/workspace/code-generation/kollywood-quizmaster-36980-98cb7221/kollywood_quizmaster_frontend/src/components'

webpack compiled with 12 errors and 1 warning
Compiling...
Failed to compile.

Module not found: Error: Can't resolve 'react-router-dom' in '/home/kavia/workspace/code-generation/kollywood-quizmaster-36980-98cb7221/kollywood_quizmaster_frontend/src'
WARNING in [eslint] 
src/App.js
  Line 1:27:  'useEffect' is defined but never used  no-unused-vars
  Line 8:3:   'Link' is defined but never used       no-unused-vars

src/components/BlurredPosterQuiz.js
  Line 2:28:   'fetchMovieImages' is defined but never used      no-unused-vars
  Line 14:10:  'clues' is assigned a value but never used        no-unused-vars
  Line 21:10:  'answerShown' is assigned a value but never used  no-unused-vars

src/components/MovieBingo.js
  Line 2:28:  'fetchMovieDetails' is defined but never used  no-unused-vars

src/components/MovieTimeline.js
  Line 12:10:  'inputArr' is assigned a value but never used  no-unused-vars

ERROR in ./src/App.js 9:0-103
Module not found: Error: Can't resolve 'react-router-dom' in '/home/kavia/workspace/code-generation/kollywood-quizmaster-36980-98cb7221/kollywood_quizmaster_frontend/src'

ERROR in ./src/App.js 20:0-53
Module not found: Error: Can't resolve './components/SpinTheWheel' in '/home/kavia/workspace/code-generation/kollywood-quizmaster-36980-98cb7221/kollywood_quizmaster_frontend/src'

ERROR in ./src/App.js 21:0-47
Module not found: Error: Can't resolve './components/CastCombo' in '/home/kavia/workspace/code-generation/kollywood-quizmaster-36980-98cb7221/kollywood_quizmaster_frontend/src'

ERROR in ./src/App.js 22:0-49
Module not found: Error: Can't resolve './components/QuizResult' in '/home/kavia/workspace/code-generation/kollywood-quizmaster-36980-98cb7221/kollywood_quizmaster_frontend/src'

ERROR in ./src/components/BlurredPosterQuiz.js 7:0-47
Module not found: Error: Can't resolve 'react-router-dom' in '/home/kavia/workspace/code-generation/kollywood-quizmaster-36980-98cb7221/kollywood_quizmaster_frontend/src/components'

ERROR in ./src/components/CharacterMovieMatch.js 7:0-47
Module not found: Error: Can't resolve 'react-router-dom' in '/home/kavia/workspace/code-generation/kollywood-quizmaster-36980-98cb7221/kollywood_quizmaster_frontend/src/components'

ERROR in ./src/components/Dashboard.js 5:0-40
Module not found: Error: Can't resolve 'react-router-dom' in '/home/kavia/workspace/code-generation/kollywood-quizmaster-36980-98cb7221/kollywood_quizmaster_frontend/src/components'

ERROR in ./src/components/LoginPage.js 6:0-47
Module not found: Error: Can't resolve 'react-router-dom' in '/home/kavia/workspace/code-generation/kollywood-quizmaster-36980-98cb7221/kollywood_quizmaster_frontend/src/components'

ERROR in ./src/components/LoginPage.js 20:6-13
export 'useAuth' (imported as 'useAuth') was not found in '../App' (possible exports: AuthContext, default)

ERROR in ./src/components/LoginPage.js 116:10-17
export 'useAuth' (imported as 'useAuth') was not found in '../App' (possible exports: AuthContext, default)

ERROR in ./src/components/MovieBingo.js 7:0-47
Module not found: Error: Can't resolve 'react-router-dom' in '/home/kavia/workspace/code-generation/kollywood-quizmaster-36980-98cb7221/kollywood_quizmaster_frontend/src/components'

ERROR in ./src/components/MovieTimeline.js 7:0-47
Module not found: Error: Can't resolve 'react-router-dom' in '/home/kavia/workspace/code-generation/kollywood-quizmaster-36980-98cb7221/kollywood_quizmaster_frontend/src/components'

webpack compiled with 12 errors and 1 warning
Compiling...
Failed to compile.

Module not found: Error: Can't resolve 'react-router-dom' in '/home/kavia/workspace/code-generation/kollywood-quizmaster-36980-98cb7221/kollywood_quizmaster_frontend/src'
WARNING in [eslint] 
src/App.js
  Line 1:27:  'useEffect' is defined but never used  no-unused-vars
  Line 8:3:   'Link' is defined but never used       no-unused-vars

src/components/BlurredPosterQuiz.js
  Line 2:28:   'fetchMovieImages' is defined but never used      no-unused-vars
  Line 14:10:  'clues' is assigned a value but never used        no-unused-vars
  Line 21:10:  'answerShown' is assigned a value but never used  no-unused-vars

src/components/MovieBingo.js
  Line 2:28:  'fetchMovieDetails' is defined but never used  no-unused-vars

src/components/MovieTimeline.js
  Line 12:10:  'inputArr' is assigned a value but never used  no-unused-vars

ERROR in ./src/App.js 9:0-103
Module not found: Error: Can't resolve 'react-router-dom' in '/home/kavia/workspace/code-generation/kollywood-quizmaster-36980-98cb7221/kollywood_quizmaster_frontend/src'

ERROR in ./src/App.js 21:0-47
Module not found: Error: Can't resolve './components/CastCombo' in '/home/kavia/workspace/code-generation/kollywood-quizmaster-36980-98cb7221/kollywood_quizmaster_frontend/src'

ERROR in ./src/App.js 22:0-49
Module not found: Error: Can't resolve './components/QuizResult' in '/home/kavia/workspace/code-generation/kollywood-quizmaster-36980-98cb7221/kollywood_quizmaster_frontend/src'

ERROR in ./src/components/BlurredPosterQuiz.js 7:0-47
Module not found: Error: Can't resolve 'react-router-dom' in '/home/kavia/workspace/code-generation/kollywood-quizmaster-36980-98cb7221/kollywood_quizmaster_frontend/src/components'

ERROR in ./src/components/CharacterMovieMatch.js 7:0-47
Module not found: Error: Can't resolve 'react-router-dom' in '/home/kavia/workspace/code-generation/kollywood-quizmaster-36980-98cb7221/kollywood_quizmaster_frontend/src/components'

ERROR in ./src/components/Dashboard.js 5:0-40
Module not found: Error: Can't resolve 'react-router-dom' in '/home/kavia/workspace/code-generation/kollywood-quizmaster-36980-98cb7221/kollywood_quizmaster_frontend/src/components'

ERROR in ./src/components/LoginPage.js 6:0-47
Module not found: Error: Can't resolve 'react-router-dom' in '/home/kavia/workspace/code-generation/kollywood-quizmaster-36980-98cb7221/kollywood_quizmaster_frontend/src/components'

ERROR in ./src/components/LoginPage.js 20:6-13
export 'useAuth' (imported as 'useAuth') was not found in '../App' (possible exports: AuthContext, default)

ERROR in ./src/components/LoginPage.js 116:10-17
export 'useAuth' (imported as 'useAuth') was not found in '../App' (possible exports: AuthContext, default)

ERROR in ./src/components/MovieBingo.js 7:0-47
Module not found: Error: Can't resolve 'react-router-dom' in '/home/kavia/workspace/code-generation/kollywood-quizmaster-36980-98cb7221/kollywood_quizmaster_frontend/src/components'

ERROR in ./src/components/MovieTimeline.js 7:0-47
Module not found: Error: Can't resolve 'react-router-dom' in '/home/kavia/workspace/code-generation/kollywood-quizmaster-36980-98cb7221/kollywood_quizmaster_frontend/src/components'

ERROR in ./src/components/SpinTheWheel.js 7:0-47
Module not found: Error: Can't resolve 'react-router-dom' in '/home/kavia/workspace/code-generation/kollywood-quizmaster-36980-98cb7221/kollywood_quizmaster_frontend/src/components'

webpack compiled with 12 errors and 1 warning
Compiling...
Failed to compile.

Module not found: Error: Can't resolve 'react-router-dom' in '/home/kavia/workspace/code-generation/kollywood-quizmaster-36980-98cb7221/kollywood_quizmaster_frontend/src'
WARNING in [eslint] 
src/App.js
  Line 1:27:  'useEffect' is defined but never used  no-unused-vars
  Line 8:3:   'Link' is defined but never used       no-unused-vars

src/components/BlurredPosterQuiz.js
  Line 2:28:   'fetchMovieImages' is defined but never used      no-unused-vars
  Line 14:10:  'clues' is assigned a value but never used        no-unused-vars
  Line 21:10:  'answerShown' is assigned a value but never used  no-unused-vars

src/components/CastCombo.js
  Line 16:10:  'reverse' is assigned a value but never used  no-unused-vars

src/components/MovieBingo.js
  Line 2:28:  'fetchMovieDetails' is defined but never used  no-unused-vars

src/components/MovieTimeline.js
  Line 12:10:  'inputArr' is assigned a value but never used  no-unused-vars

ERROR in ./src/App.js 9:0-103
Module not found: Error: Can't resolve 'react-router-dom' in '/home/kavia/workspace/code-generation/kollywood-quizmaster-36980-98cb7221/kollywood_quizmaster_frontend/src'

ERROR in ./src/App.js 22:0-49
Module not found: Error: Can't resolve './components/QuizResult' in '/home/kavia/workspace/code-generation/kollywood-quizmaster-36980-98cb7221/kollywood_quizmaster_frontend/src'

ERROR in ./src/components/BlurredPosterQuiz.js 7:0-47
Module not found: Error: Can't resolve 'react-router-dom' in '/home/kavia/workspace/code-generation/kollywood-quizmaster-36980-98cb7221/kollywood_quizmaster_frontend/src/components'

ERROR in ./src/components/CastCombo.js 7:0-47
Module not found: Error: Can't resolve 'react-router-dom' in '/home/kavia/workspace/code-generation/kollywood-quizmaster-36980-98cb7221/kollywood_quizmaster_frontend/src/components'

ERROR in ./src/components/CharacterMovieMatch.js 7:0-47
Module not found: Error: Can't resolve 'react-router-dom' in '/home/kavia/workspace/code-generation/kollywood-quizmaster-36980-98cb7221/kollywood_quizmaster_frontend/src/components'

ERROR in ./src/components/Dashboard.js 5:0-40
Module not found: Error: Can't resolve 'react-router-dom' in '/home/kavia/workspace/code-generation/kollywood-quizmaster-36980-98cb7221/kollywood_quizmaster_frontend/src/components'

ERROR in ./src/components/LoginPage.js 6:0-47
Module not found: Error: Can't resolve 'react-router-dom' in '/home/kavia/workspace/code-generation/kollywood-quizmaster-36980-98cb7221/kollywood_quizmaster_frontend/src/components'

ERROR in ./src/components/LoginPage.js 20:6-13
export 'useAuth' (imported as 'useAuth') was not found in '../App' (possible exports: AuthContext, default)

ERROR in ./src/components/LoginPage.js 116:10-17
export 'useAuth' (imported as 'useAuth') was not found in '../App' (possible exports: AuthContext, default)

ERROR in ./src/components/MovieBingo.js 7:0-47
Module not found: Error: Can't resolve 'react-router-dom' in '/home/kavia/workspace/code-generation/kollywood-quizmaster-36980-98cb7221/kollywood_quizmaster_frontend/src/components'

ERROR in ./src/components/MovieTimeline.js 7:0-47
Module not found: Error: Can't resolve 'react-router-dom' in '/home/kavia/workspace/code-generation/kollywood-quizmaster-36980-98cb7221/kollywood_quizmaster_frontend/src/components'

ERROR in ./src/components/SpinTheWheel.js 7:0-47
Module not found: Error: Can't resolve 'react-router-dom' in '/home/kavia/workspace/code-generation/kollywood-quizmaster-36980-98cb7221/kollywood_quizmaster_frontend/src/components'

webpack compiled with 12 errors and 1 warning
Compiling...
Failed to compile.

Module not found: Error: Can't resolve 'react-router-dom' in '/home/kavia/workspace/code-generation/kollywood-quizmaster-36980-98cb7221/kollywood_quizmaster_frontend/src'
WARNING in [eslint] 
src/App.js
  Line 1:27:  'useEffect' is defined but never used  no-unused-vars
  Line 8:3:   'Link' is defined but never used       no-unused-vars

src/components/BlurredPosterQuiz.js
  Line 2:28:   'fetchMovieImages' is defined but never used      no-unused-vars
  Line 14:10:  'clues' is assigned a value but never used        no-unused-vars
  Line 21:10:  'answerShown' is assigned a value but never used  no-unused-vars

src/components/CastCombo.js
  Line 16:10:  'reverse' is assigned a value but never used  no-unused-vars

src/components/MovieBingo.js
  Line 2:28:  'fetchMovieDetails' is defined but never used  no-unused-vars

src/components/MovieTimeline.js
  Line 12:10:  'inputArr' is assigned a value but never used  no-unused-vars

ERROR in ./src/App.js 9:0-103
Module not found: Error: Can't resolve 'react-router-dom' in '/home/kavia/workspace/code-generation/kollywood-quizmaster-36980-98cb7221/kollywood_quizmaster_frontend/src'

ERROR in ./src/components/BlurredPosterQuiz.js 7:0-47
Module not found: Error: Can't resolve 'react-router-dom' in '/home/kavia/workspace/code-generation/kollywood-quizmaster-36980-98cb7221/kollywood_quizmaster_frontend/src/components'

ERROR in ./src/components/CastCombo.js 7:0-47
Module not found: Error: Can't resolve 'react-router-dom' in '/home/kavia/workspace/code-generation/kollywood-quizmaster-36980-98cb7221/kollywood_quizmaster_frontend/src/components'

ERROR in ./src/components/CharacterMovieMatch.js 7:0-47
Module not found: Error: Can't resolve 'react-router-dom' in '/home/kavia/workspace/code-generation/kollywood-quizmaster-36980-98cb7221/kollywood_quizmaster_frontend/src/components'

ERROR in ./src/components/Dashboard.js 5:0-40
Module not found: Error: Can't resolve 'react-router-dom' in '/home/kavia/workspace/code-generation/kollywood-quizmaster-36980-98cb7221/kollywood_quizmaster_frontend/src/components'

ERROR in ./src/components/LoginPage.js 6:0-47
Module not found: Error: Can't resolve 'react-router-dom' in '/home/kavia/workspace/code-generation/kollywood-quizmaster-36980-98cb7221/kollywood_quizmaster_frontend/src/components'

ERROR in ./src/components/LoginPage.js 20:6-13
export 'useAuth' (imported as 'useAuth') was not found in '../App' (possible exports: AuthContext, default)

ERROR in ./src/components/LoginPage.js 116:10-17
export 'useAuth' (imported as 'useAuth') was not found in '../App' (possible exports: AuthContext, default)

ERROR in ./src/components/MovieBingo.js 7:0-47
Module not found: Error: Can't resolve 'react-router-dom' in '/home/kavia/workspace/code-generation/kollywood-quizmaster-36980-98cb7221/kollywood_quizmaster_frontend/src/components'

ERROR in ./src/components/MovieTimeline.js 7:0-47
Module not found: Error: Can't resolve 'react-router-dom' in '/home/kavia/workspace/code-generation/kollywood-quizmaster-36980-98cb7221/kollywood_quizmaster_frontend/src/components'

ERROR in ./src/components/QuizResult.js 6:0-60
Module not found: Error: Can't resolve 'react-router-dom' in '/home/kavia/workspace/code-generation/kollywood-quizmaster-36980-98cb7221/kollywood_quizmaster_frontend/src/components'

ERROR in ./src/components/SpinTheWheel.js 7:0-47
Module not found: Error: Can't resolve 'react-router-dom' in '/home/kavia/workspace/code-generation/kollywood-quizmaster-36980-98cb7221/kollywood_quizmaster_frontend/src/components'

webpack compiled with 12 errors and 1 warning
Compiling...
Failed to compile.

Module not found: Error: Can't resolve 'react-router-dom' in '/home/kavia/workspace/code-generation/kollywood-quizmaster-36980-98cb7221/kollywood_quizmaster_frontend/src'
LOG from webpack.FileSystemInfo
<w> Managed item /home/kavia/workspace/code-generation/kollywood-quizmaster-36980-98cb7221/kollywood_quizmaster_frontend/node_modules/react-router-dom isn't a directory or doesn't contain a package.json (see snapshot.managedPaths option)
+ 13 hidden lines

WARNING in [eslint] 
src/App.js
  Line 1:27:  'useEffect' is defined but never used  no-unused-vars
  Line 8:3:   'Link' is defined but never used       no-unused-vars

src/components/BlurredPosterQuiz.js
  Line 2:28:   'fetchMovieImages' is defined but never used      no-unused-vars
  Line 14:10:  'clues' is assigned a value but never used        no-unused-vars
  Line 21:10:  'answerShown' is assigned a value but never used  no-unused-vars

src/components/CastCombo.js
  Line 16:10:  'reverse' is assigned a value but never used  no-unused-vars

src/components/MovieBingo.js
  Line 2:28:  'fetchMovieDetails' is defined but never used  no-unused-vars

src/components/MovieTimeline.js
  Line 12:10:  'inputArr' is assigned a value but never used  no-unused-vars

ERROR in ./src/App.js 9:0-103
Module not found: Error: Can't resolve 'react-router-dom' in '/home/kavia/workspace/code-generation/kollywood-quizmaster-36980-98cb7221/kollywood_quizmaster_frontend/src'

ERROR in ./src/components/BlurredPosterQuiz.js 7:0-47
Module not found: Error: Can't resolve 'react-router-dom' in '/home/kavia/workspace/code-generation/kollywood-quizmaster-36980-98cb7221/kollywood_quizmaster_frontend/src/components'

ERROR in ./src/components/CastCombo.js 7:0-47
Module not found: Error: Can't resolve 'react-router-dom' in '/home/kavia/workspace/code-generation/kollywood-quizmaster-36980-98cb7221/kollywood_quizmaster_frontend/src/components'

ERROR in ./src/components/CharacterMovieMatch.js 7:0-47
Module not found: Error: Can't resolve 'react-router-dom' in '/home/kavia/workspace/code-generation/kollywood-quizmaster-36980-98cb7221/kollywood_quizmaster_frontend/src/components'

ERROR in ./src/components/Dashboard.js 5:0-40
Module not found: Error: Can't resolve 'react-router-dom' in '/home/kavia/workspace/code-generation/kollywood-quizmaster-36980-98cb7221/kollywood_quizmaster_frontend/src/components'

ERROR in ./src/components/LoginPage.js 6:0-47
Module not found: Error: Can't resolve 'react-router-dom' in '/home/kavia/workspace/code-generation/kollywood-quizmaster-36980-98cb7221/kollywood_quizmaster_frontend/src/components'

ERROR in ./src/components/LoginPage.js 20:6-13
export 'useAuth' (imported as 'useAuth') was not found in '../App' (possible exports: AuthContext, default)

ERROR in ./src/components/LoginPage.js 116:10-17
export 'useAuth' (imported as 'useAuth') was not found in '../App' (possible exports: AuthContext, default)

ERROR in ./src/components/MovieBingo.js 7:0-47
Module not found: Error: Can't resolve 'react-router-dom' in '/home/kavia/workspace/code-generation/kollywood-quizmaster-36980-98cb7221/kollywood_quizmaster_frontend/src/components'

ERROR in ./src/components/MovieTimeline.js 7:0-47
Module not found: Error: Can't resolve 'react-router-dom' in '/home/kavia/workspace/code-generation/kollywood-quizmaster-36980-98cb7221/kollywood_quizmaster_frontend/src/components'

ERROR in ./src/components/QuizResult.js 6:0-60
Module not found: Error: Can't resolve 'react-router-dom' in '/home/kavia/workspace/code-generation/kollywood-quizmaster-36980-98cb7221/kollywood_quizmaster_frontend/src/components'

ERROR in ./src/components/SpinTheWheel.js 7:0-47
Module not found: Error: Can't resolve 'react-router-dom' in '/home/kavia/workspace/code-generation/kollywood-quizmaster-36980-98cb7221/kollywood_quizmaster_frontend/src/components'

webpack compiled with 12 errors and 1 warning
Compiling...
Failed to compile.

Attempted import error: 'useAuth' is not exported from '../App' (imported as 'useAuth').
WARNING in [eslint] 
src/App.js
  Line 1:27:  'useEffect' is defined but never used  no-unused-vars
  Line 8:3:   'Link' is defined but never used       no-unused-vars

src/components/BlurredPosterQuiz.js
  Line 2:28:   'fetchMovieImages' is defined but never used      no-unused-vars
  Line 14:10:  'clues' is assigned a value but never used        no-unused-vars
  Line 21:10:  'answerShown' is assigned a value but never used  no-unused-vars

src/components/CastCombo.js
  Line 16:10:  'reverse' is assigned a value but never used  no-unused-vars

src/components/MovieBingo.js
  Line 2:28:  'fetchMovieDetails' is defined but never used  no-unused-vars

src/components/MovieTimeline.js
  Line 12:10:  'inputArr' is assigned a value but never used  no-unused-vars

ERROR in ./src/components/LoginPage.js 20:6-13
export 'useAuth' (imported as 'useAuth') was not found in '../App' (possible exports: AuthContext, default)

ERROR in ./src/components/LoginPage.js 116:10-17
export 'useAuth' (imported as 'useAuth') was not found in '../App' (possible exports: AuthContext, default)

webpack compiled with 2 errors and 1 warning
Compiling...
Failed to compile.

Attempted import error: 'useAuth' is not exported from '../App' (imported as 'useAuth').
WARNING in [eslint] 
src/App.js
  Line 1:27:  'useEffect' is defined but never used  no-unused-vars
  Line 8:3:   'Link' is defined but never used       no-unused-vars

src/components/BlurredPosterQuiz.js
  Line 2:28:   'fetchMovieImages' is defined but never used      no-unused-vars
  Line 14:10:  'clues' is assigned a value but never used        no-unused-vars
  Line 21:10:  'answerShown' is assigned a value but never used  no-unused-vars

src/components/CastCombo.js
  Line 16:10:  'reverse' is assigned a value but never used  no-unused-vars

src/components/MovieBingo.js
  Line 2:28:  'fetchMovieDetails' is defined but never used  no-unused-vars

src/components/MovieTimeline.js
  Line 12:10:  'inputArr' is assigned a value but never used  no-unused-vars

ERROR in ./src/components/LoginPage.js 20:6-13
export 'useAuth' (imported as 'useAuth') was not found in '../App' (possible exports: AuthContext, default)

ERROR in ./src/components/LoginPage.js 116:10-17
export 'useAuth' (imported as 'useAuth') was not found in '../App' (possible exports: AuthContext, default)

webpack compiled with 2 errors and 1 warning
Compiling...
Compiled with warnings.

[eslint] 
src/App.js
  Line 1:27:  'useEffect' is defined but never used  no-unused-vars
  Line 8:3:   'Link' is defined but never used       no-unused-vars

src/components/BlurredPosterQuiz.js
  Line 2:28:   'fetchMovieImages' is defined but never used      no-unused-vars
  Line 14:10:  'clues' is assigned a value but never used        no-unused-vars
  Line 21:10:  'answerShown' is assigned a value but never used  no-unused-vars

src/components/CastCombo.js
  Line 16:10:  'reverse' is assigned a value but never used  no-unused-vars

src/components/MovieBingo.js
  Line 2:28:  'fetchMovieDetails' is defined but never used  no-unused-vars

src/components/MovieTimeline.js
  Line 12:10:  'inputArr' is assigned a value but never used  no-unused-vars

Search for the keywords to learn more about each warning.
To ignore, add // eslint-disable-next-line to the line before.

WARNING in [eslint] 
src/App.js
  Line 1:27:  'useEffect' is defined but never used  no-unused-vars
  Line 8:3:   'Link' is defined but never used       no-unused-vars

src/components/BlurredPosterQuiz.js
  Line 2:28:   'fetchMovieImages' is defined but never used      no-unused-vars
  Line 14:10:  'clues' is assigned a value but never used        no-unused-vars
  Line 21:10:  'answerShown' is assigned a value but never used  no-unused-vars

src/components/CastCombo.js
  Line 16:10:  'reverse' is assigned a value but never used  no-unused-vars

src/components/MovieBingo.js
  Line 2:28:  'fetchMovieDetails' is defined but never used  no-unused-vars

src/components/MovieTimeline.js
  Line 12:10:  'inputArr' is assigned a value but never used  no-unused-vars

webpack compiled with 1 warning
